/home/ferminv/Universidad/DecSemestre/DSP/Tp1/DSP_Tp1_Muestreo/Tp1_Muestreo/CMSIS/core_cm4.h:1679:22:__NVIC_EnableIRQ	16	static
/home/ferminv/Universidad/DecSemestre/DSP/Tp1/DSP_Tp1_Muestreo/Tp1_Muestreo/drivers/fsl_common_arm.h:499:24:EnableIRQ	24	static
/home/ferminv/Universidad/DecSemestre/DSP/Tp1/DSP_Tp1_Muestreo/Tp1_Muestreo/drivers/fsl_gpio.h:191:20:GPIO_PortSet	16	static
/home/ferminv/Universidad/DecSemestre/DSP/Tp1/DSP_Tp1_Muestreo/Tp1_Muestreo/drivers/fsl_gpio.h:206:20:GPIO_PortClear	16	static
/home/ferminv/Universidad/DecSemestre/DSP/Tp1/DSP_Tp1_Muestreo/Tp1_Muestreo/drivers/fsl_port.h:443:20:PORT_SetPinInterruptConfig	24	static
/home/ferminv/Universidad/DecSemestre/DSP/Tp1/DSP_Tp1_Muestreo/Tp1_Muestreo/drivers/fsl_pit.h:207:24:PIT_GetStatusFlags	16	static
/home/ferminv/Universidad/DecSemestre/DSP/Tp1/DSP_Tp1_Muestreo/Tp1_Muestreo/drivers/fsl_pit.h:220:20:PIT_ClearStatusFlags	24	static
/home/ferminv/Universidad/DecSemestre/DSP/Tp1/DSP_Tp1_Muestreo/Tp1_Muestreo/drivers/fsl_pit.h:246:20:PIT_SetTimerPeriod	24	static
/home/ferminv/Universidad/DecSemestre/DSP/Tp1/DSP_Tp1_Muestreo/Tp1_Muestreo/drivers/fsl_dac.h:187:20:DAC_Enable	16	static
/home/ferminv/Universidad/DecSemestre/DSP/Tp1/DSP_Tp1_Muestreo/Tp1_Muestreo/drivers/fsl_adc16.h:491:24:ADC16_GetChannelConversionValue	16	static
/home/ferminv/Universidad/DecSemestre/DSP/Tp1/DSP_Tp1_Muestreo/Tp1_Muestreo/drivers/fsl_uart.h:667:23:UART_ReadByte	16	static
../source/Tp1_Muestreo.c:77:6:initBuffers	8	static
../source/Tp1_Muestreo.c:91:7:BufferRead	16	static
../source/Tp1_Muestreo.c:101:6:BufferWrite	16	static
../source/Tp1_Muestreo.c:111:1:setNextMode	16	static
../source/Tp1_Muestreo.c:127:6:setNextFrec	16	static
../source/Tp1_Muestreo.c:138:6:ConfigLeds	16	static
../source/Tp1_Muestreo.c:146:6:ConfigSW	16	static
../source/Tp1_Muestreo.c:159:6:ConfigDAC	16	static
../source/Tp1_Muestreo.c:168:6:setLedColor	16	static
../source/Tp1_Muestreo.c:211:6:delay	16	static
../source/Tp1_Muestreo.c:224:6:PIT0_IRQHandler	16	static
../source/Tp1_Muestreo.c:257:6:UART0_RX_TX_IRQHandler	16	static
../source/Tp1_Muestreo.c:304:5:main	8	static
../source/Tp1_Muestreo.c:343:6:PORTC_IRQHandler	8	static
../source/Tp1_Muestreo.c:355:6:PORTA_IRQHandler	8	static
