C:\Users\Usuario\Documents\GitHub\DSP_Tp1_Muestreo\Tp1_Muestreo\CMSIS/core_cm4.h:1679:22:__NVIC_EnableIRQ	16	static
C:\Users\Usuario\Documents\GitHub\DSP_Tp1_Muestreo\Tp1_Muestreo\drivers/fsl_common_arm.h:499:24:EnableIRQ	24	static
C:\Users\Usuario\Documents\GitHub\DSP_Tp1_Muestreo\Tp1_Muestreo\drivers/fsl_gpio.h:191:20:GPIO_PortSet	16	static
C:\Users\Usuario\Documents\GitHub\DSP_Tp1_Muestreo\Tp1_Muestreo\drivers/fsl_gpio.h:206:20:GPIO_PortClear	16	static
C:\Users\Usuario\Documents\GitHub\DSP_Tp1_Muestreo\Tp1_Muestreo\drivers/fsl_port.h:443:20:PORT_SetPinInterruptConfig	24	static
C:\Users\Usuario\Documents\GitHub\DSP_Tp1_Muestreo\Tp1_Muestreo\drivers/fsl_pit.h:207:24:PIT_GetStatusFlags	16	static
C:\Users\Usuario\Documents\GitHub\DSP_Tp1_Muestreo\Tp1_Muestreo\drivers/fsl_pit.h:220:20:PIT_ClearStatusFlags	24	static
C:\Users\Usuario\Documents\GitHub\DSP_Tp1_Muestreo\Tp1_Muestreo\drivers/fsl_pit.h:246:20:PIT_SetTimerPeriod	24	static
C:\Users\Usuario\Documents\GitHub\DSP_Tp1_Muestreo\Tp1_Muestreo\drivers/fsl_dac.h:187:20:DAC_Enable	16	static
C:\Users\Usuario\Documents\GitHub\DSP_Tp1_Muestreo\Tp1_Muestreo\drivers/fsl_adc16.h:491:24:ADC16_GetChannelConversionValue	16	static
C:\Users\Usuario\Documents\GitHub\DSP_Tp1_Muestreo\Tp1_Muestreo\drivers/fsl_uart.h:667:23:UART_ReadByte	16	static
../source/Tp1_Muestreo.c:170:6:initBuffers	8	static
../source/Tp1_Muestreo.c:185:6:initFilter	16	static
../source/Tp1_Muestreo.c:190:7:BufferRead	24	static
../source/Tp1_Muestreo.c:209:6:BufferWrite	16	static
../source/Tp1_Muestreo.c:219:6:setNextMode	16	static
../source/Tp1_Muestreo.c:235:6:setNextFrec	16	static
../source/Tp1_Muestreo.c:245:6:ConfigLeds	16	static
../source/Tp1_Muestreo.c:253:6:ConfigSW	16	static
../source/Tp1_Muestreo.c:266:6:ConfigDAC	16	static
../source/Tp1_Muestreo.c:275:6:setLedColor	16	static
../source/Tp1_Muestreo.c:318:6:delay	16	static
../source/Tp1_Muestreo.c:331:6:PIT0_IRQHandler	16	static
../source/Tp1_Muestreo.c:365:6:UART0_RX_TX_IRQHandler	16	static
../source/Tp1_Muestreo.c:414:5:main	8	static
../source/Tp1_Muestreo.c:453:6:PORTC_IRQHandler	8	static
../source/Tp1_Muestreo.c:465:6:PORTA_IRQHandler	8	static
